[2026-07-20 15:19:47] FOREIGN KEY constraint failed
Traceback (most recent call last):
  File "C:\Users\AYUSH CHAUDHARY\AppData\Local\Programs\Python\Python312\Lib\site-packages\flask\app.py", line 917, in full_dispatch_request
    rv = self.dispatch_request()
         ^^^^^^^^^^^^^^^^^^^^^^^
  File "C:\Users\AYUSH CHAUDHARY\AppData\Local\Programs\Python\Python312\Lib\site-packages\flask\app.py", line 902, in dispatch_request
    return self.ensure_sync(self.view_functions[rule.endpoint])(**view_args)  # type: ignore[no-any-return]
           ^^^^^^^^^^^^^^^^^^^^^^^^^^^^^^^^^^^^^^^^^^^^^^^^^^^^^^^^^^^^^^^^^
  File "C:\Users\AYUSH CHAUDHARY\Desktop\Fincheck--main\backend\app.py", line 221, in decorated_function
    return f(*args, **kwargs)
           ^^^^^^^^^^^^^^^^^^
  File "C:\Users\AYUSH CHAUDHARY\Desktop\Fincheck--main\backend\app.py", line 1077, in apply
    cursor.execute('''
sqlite3.IntegrityError: FOREIGN KEY constraint failed

[2026-07-20 15:20:28] database is locked
Traceback (most recent call last):
  File "C:\Users\AYUSH CHAUDHARY\AppData\Local\Programs\Python\Python312\Lib\site-packages\flask\app.py", line 917, in full_dispatch_request
    rv = self.dispatch_request()
         ^^^^^^^^^^^^^^^^^^^^^^^
  File "C:\Users\AYUSH CHAUDHARY\AppData\Local\Programs\Python\Python312\Lib\site-packages\flask\app.py", line 902, in dispatch_request
    return self.ensure_sync(self.view_functions[rule.endpoint])(**view_args)  # type: ignore[no-any-return]
           ^^^^^^^^^^^^^^^^^^^^^^^^^^^^^^^^^^^^^^^^^^^^^^^^^^^^^^^^^^^^^^^^^
  File "C:\Users\AYUSH CHAUDHARY\Desktop\Fincheck--main\backend\app.py", line 221, in decorated_function
    return f(*args, **kwargs)
           ^^^^^^^^^^^^^^^^^^
  File "C:\Users\AYUSH CHAUDHARY\Desktop\Fincheck--main\backend\app.py", line 1077, in apply
    cursor.execute('''
sqlite3.OperationalError: database is locked

[2026-07-20 15:23:38] FOREIGN KEY constraint failed
Traceback (most recent call last):
  File "C:\Users\AYUSH CHAUDHARY\AppData\Local\Programs\Python\Python312\Lib\site-packages\flask\app.py", line 917, in full_dispatch_request
    rv = self.dispatch_request()
         ^^^^^^^^^^^^^^^^^^^^^^^
  File "C:\Users\AYUSH CHAUDHARY\AppData\Local\Programs\Python\Python312\Lib\site-packages\flask\app.py", line 902, in dispatch_request
    return self.ensure_sync(self.view_functions[rule.endpoint])(**view_args)  # type: ignore[no-any-return]
           ^^^^^^^^^^^^^^^^^^^^^^^^^^^^^^^^^^^^^^^^^^^^^^^^^^^^^^^^^^^^^^^^^
  File "C:\Users\AYUSH CHAUDHARY\Desktop\Fincheck--main\backend\app.py", line 221, in decorated_function
    return f(*args, **kwargs)
           ^^^^^^^^^^^^^^^^^^
  File "C:\Users\AYUSH CHAUDHARY\Desktop\Fincheck--main\backend\app.py", line 1077, in apply
    cursor.execute('''
sqlite3.IntegrityError: FOREIGN KEY constraint failed

[2026-07-20 15:29:57] FOREIGN KEY constraint failed
Traceback (most recent call last):
  File "C:\Users\AYUSH CHAUDHARY\AppData\Local\Programs\Python\Python312\Lib\site-packages\flask\app.py", line 917, in full_dispatch_request
    rv = self.dispatch_request()
         ^^^^^^^^^^^^^^^^^^^^^^^
  File "C:\Users\AYUSH CHAUDHARY\AppData\Local\Programs\Python\Python312\Lib\site-packages\flask\app.py", line 902, in dispatch_request
    return self.ensure_sync(self.view_functions[rule.endpoint])(**view_args)  # type: ignore[no-any-return]
           ^^^^^^^^^^^^^^^^^^^^^^^^^^^^^^^^^^^^^^^^^^^^^^^^^^^^^^^^^^^^^^^^^
  File "C:\Users\AYUSH CHAUDHARY\Desktop\Fincheck--main\backend\app.py", line 221, in decorated_function
    return f(*args, **kwargs)
           ^^^^^^^^^^^^^^^^^^
  File "C:\Users\AYUSH CHAUDHARY\Desktop\Fincheck--main\backend\app.py", line 1077, in apply
    cursor.execute('''
sqlite3.IntegrityError: FOREIGN KEY constraint failed

[2026-07-20 16:31:14] no such column: vendor_id
Traceback (most recent call last):
  File "C:\Users\AYUSH CHAUDHARY\AppData\Local\Programs\Python\Python312\Lib\site-packages\flask\app.py", line 917, in full_dispatch_request
    rv = self.dispatch_request()
         ^^^^^^^^^^^^^^^^^^^^^^^
  File "C:\Users\AYUSH CHAUDHARY\AppData\Local\Programs\Python\Python312\Lib\site-packages\flask\app.py", line 902, in dispatch_request
    return self.ensure_sync(self.view_functions[rule.endpoint])(**view_args)  # type: ignore[no-any-return]
           ^^^^^^^^^^^^^^^^^^^^^^^^^^^^^^^^^^^^^^^^^^^^^^^^^^^^^^^^^^^^^^^^^
  File "C:\Users\AYUSH CHAUDHARY\Desktop\Fincheck--main\backend\app.py", line 234, in decorated_function
    return f(*args, **kwargs)
           ^^^^^^^^^^^^^^^^^^
  File "C:\Users\AYUSH CHAUDHARY\Desktop\Fincheck--main\backend\app.py", line 940, in applicant_dashboard
    cursor.execute("SELECT COUNT(*) FROM agreements WHERE vendor_id = ?", (session['user_id'],))
sqlite3.OperationalError: no such column: vendor_id

[2026-07-20 16:33:14] no such column: vendor_id
Traceback (most recent call last):
  File "C:\Users\AYUSH CHAUDHARY\AppData\Local\Programs\Python\Python312\Lib\site-packages\flask\app.py", line 917, in full_dispatch_request
    rv = self.dispatch_request()
         ^^^^^^^^^^^^^^^^^^^^^^^
  File "C:\Users\AYUSH CHAUDHARY\AppData\Local\Programs\Python\Python312\Lib\site-packages\flask\app.py", line 902, in dispatch_request
    return self.ensure_sync(self.view_functions[rule.endpoint])(**view_args)  # type: ignore[no-any-return]
           ^^^^^^^^^^^^^^^^^^^^^^^^^^^^^^^^^^^^^^^^^^^^^^^^^^^^^^^^^^^^^^^^^
  File "C:\Users\AYUSH CHAUDHARY\Desktop\Fincheck--main\backend\app.py", line 234, in decorated_function
    return f(*args, **kwargs)
           ^^^^^^^^^^^^^^^^^^
  File "C:\Users\AYUSH CHAUDHARY\Desktop\Fincheck--main\backend\app.py", line 940, in applicant_dashboard
    cursor.execute("SELECT COUNT(*) FROM agreements WHERE vendor_id = ?", (session['user_id'],))
sqlite3.OperationalError: no such column: vendor_id

[2026-07-20 16:33:19] no such column: vendor_id
Traceback (most recent call last):
  File "C:\Users\AYUSH CHAUDHARY\AppData\Local\Programs\Python\Python312\Lib\site-packages\flask\app.py", line 917, in full_dispatch_request
    rv = self.dispatch_request()
         ^^^^^^^^^^^^^^^^^^^^^^^
  File "C:\Users\AYUSH CHAUDHARY\AppData\Local\Programs\Python\Python312\Lib\site-packages\flask\app.py", line 902, in dispatch_request
    return self.ensure_sync(self.view_functions[rule.endpoint])(**view_args)  # type: ignore[no-any-return]
           ^^^^^^^^^^^^^^^^^^^^^^^^^^^^^^^^^^^^^^^^^^^^^^^^^^^^^^^^^^^^^^^^^
  File "C:\Users\AYUSH CHAUDHARY\Desktop\Fincheck--main\backend\app.py", line 234, in decorated_function
    return f(*args, **kwargs)
           ^^^^^^^^^^^^^^^^^^
  File "C:\Users\AYUSH CHAUDHARY\Desktop\Fincheck--main\backend\app.py", line 940, in applicant_dashboard
    cursor.execute("SELECT COUNT(*) FROM agreements WHERE vendor_id = ?", (session['user_id'],))
sqlite3.OperationalError: no such column: vendor_id

[2026-07-20 16:33:23] no such column: vendor_id
Traceback (most recent call last):
  File "C:\Users\AYUSH CHAUDHARY\AppData\Local\Programs\Python\Python312\Lib\site-packages\flask\app.py", line 917, in full_dispatch_request
    rv = self.dispatch_request()
         ^^^^^^^^^^^^^^^^^^^^^^^
  File "C:\Users\AYUSH CHAUDHARY\AppData\Local\Programs\Python\Python312\Lib\site-packages\flask\app.py", line 902, in dispatch_request
    return self.ensure_sync(self.view_functions[rule.endpoint])(**view_args)  # type: ignore[no-any-return]
           ^^^^^^^^^^^^^^^^^^^^^^^^^^^^^^^^^^^^^^^^^^^^^^^^^^^^^^^^^^^^^^^^^
  File "C:\Users\AYUSH CHAUDHARY\Desktop\Fincheck--main\backend\app.py", line 234, in decorated_function
    return f(*args, **kwargs)
           ^^^^^^^^^^^^^^^^^^
  File "C:\Users\AYUSH CHAUDHARY\Desktop\Fincheck--main\backend\app.py", line 940, in applicant_dashboard
    cursor.execute("SELECT COUNT(*) FROM agreements WHERE vendor_id = ?", (session['user_id'],))
sqlite3.OperationalError: no such column: vendor_id

[2026-07-20 16:34:19] no such column: vendor_id
Traceback (most recent call last):
  File "C:\Users\AYUSH CHAUDHARY\AppData\Local\Programs\Python\Python312\Lib\site-packages\flask\app.py", line 917, in full_dispatch_request
    rv = self.dispatch_request()
         ^^^^^^^^^^^^^^^^^^^^^^^
  File "C:\Users\AYUSH CHAUDHARY\AppData\Local\Programs\Python\Python312\Lib\site-packages\flask\app.py", line 902, in dispatch_request
    return self.ensure_sync(self.view_functions[rule.endpoint])(**view_args)  # type: ignore[no-any-return]
           ^^^^^^^^^^^^^^^^^^^^^^^^^^^^^^^^^^^^^^^^^^^^^^^^^^^^^^^^^^^^^^^^^
  File "C:\Users\AYUSH CHAUDHARY\Desktop\Fincheck--main\backend\app.py", line 234, in decorated_function
    return f(*args, **kwargs)
           ^^^^^^^^^^^^^^^^^^
  File "C:\Users\AYUSH CHAUDHARY\Desktop\Fincheck--main\backend\app.py", line 940, in applicant_dashboard
    cursor.execute("SELECT COUNT(*) FROM agreements WHERE vendor_id = ?", (session['user_id'],))
sqlite3.OperationalError: no such column: vendor_id

[2026-07-20 16:50:30] NOT NULL constraint failed: agreements.contract_code
Traceback (most recent call last):
  File "C:\Users\AYUSH CHAUDHARY\AppData\Local\Programs\Python\Python312\Lib\site-packages\flask\app.py", line 917, in full_dispatch_request
    rv = self.dispatch_request()
         ^^^^^^^^^^^^^^^^^^^^^^^
  File "C:\Users\AYUSH CHAUDHARY\AppData\Local\Programs\Python\Python312\Lib\site-packages\flask\app.py", line 902, in dispatch_request
    return self.ensure_sync(self.view_functions[rule.endpoint])(**view_args)  # type: ignore[no-any-return]
           ^^^^^^^^^^^^^^^^^^^^^^^^^^^^^^^^^^^^^^^^^^^^^^^^^^^^^^^^^^^^^^^^^
  File "C:\Users\AYUSH CHAUDHARY\Desktop\Fincheck--main\backend\app.py", line 234, in decorated_function
    return f(*args, **kwargs)
           ^^^^^^^^^^^^^^^^^^
  File "C:\Users\AYUSH CHAUDHARY\Desktop\Fincheck--main\backend\app.py", line 1505, in match_action
    create_digital_agreement(match_id)
  File "C:\Users\AYUSH CHAUDHARY\Desktop\Fincheck--main\backend\app.py", line 1411, in create_digital_agreement
    cursor.execute('''
sqlite3.IntegrityError: NOT NULL constraint failed: agreements.contract_code

[2026-07-20 16:51:09] NOT NULL constraint failed: agreements.contract_code
Traceback (most recent call last):
  File "C:\Users\AYUSH CHAUDHARY\AppData\Local\Programs\Python\Python312\Lib\site-packages\flask\app.py", line 917, in full_dispatch_request
    rv = self.dispatch_request()
         ^^^^^^^^^^^^^^^^^^^^^^^
  File "C:\Users\AYUSH CHAUDHARY\AppData\Local\Programs\Python\Python312\Lib\site-packages\flask\app.py", line 902, in dispatch_request
    return self.ensure_sync(self.view_functions[rule.endpoint])(**view_args)  # type: ignore[no-any-return]
           ^^^^^^^^^^^^^^^^^^^^^^^^^^^^^^^^^^^^^^^^^^^^^^^^^^^^^^^^^^^^^^^^^
  File "C:\Users\AYUSH CHAUDHARY\Desktop\Fincheck--main\backend\app.py", line 234, in decorated_function
    return f(*args, **kwargs)
           ^^^^^^^^^^^^^^^^^^
  File "C:\Users\AYUSH CHAUDHARY\Desktop\Fincheck--main\backend\app.py", line 1505, in match_action
    create_digital_agreement(match_id)
  File "C:\Users\AYUSH CHAUDHARY\Desktop\Fincheck--main\backend\app.py", line 1411, in create_digital_agreement
    cursor.execute('''
sqlite3.IntegrityError: NOT NULL constraint failed: agreements.contract_code

[2026-07-21 10:07:52] NOT NULL constraint failed: agreements.contract_code
Traceback (most recent call last):
  File "C:\Users\AYUSH CHAUDHARY\AppData\Local\Programs\Python\Python312\Lib\site-packages\flask\app.py", line 917, in full_dispatch_request
    rv = self.dispatch_request()
         ^^^^^^^^^^^^^^^^^^^^^^^
  File "C:\Users\AYUSH CHAUDHARY\AppData\Local\Programs\Python\Python312\Lib\site-packages\flask\app.py", line 902, in dispatch_request
    return self.ensure_sync(self.view_functions[rule.endpoint])(**view_args)  # type: ignore[no-any-return]
           ^^^^^^^^^^^^^^^^^^^^^^^^^^^^^^^^^^^^^^^^^^^^^^^^^^^^^^^^^^^^^^^^^
  File "C:\Users\AYUSH CHAUDHARY\Desktop\Fincheck--main\backend\app.py", line 234, in decorated_function
    return f(*args, **kwargs)
           ^^^^^^^^^^^^^^^^^^
  File "C:\Users\AYUSH CHAUDHARY\Desktop\Fincheck--main\backend\app.py", line 1505, in match_action
    create_digital_agreement(match_id)
  File "C:\Users\AYUSH CHAUDHARY\Desktop\Fincheck--main\backend\app.py", line 1411, in create_digital_agreement
    cursor.execute('''
sqlite3.IntegrityError: NOT NULL constraint failed: agreements.contract_code

[2026-07-24 13:27:25] no such column: vd.uploaded_at
Traceback (most recent call last):
  File "C:\Users\AYUSH CHAUDHARY\AppData\Local\Programs\Python\Python312\Lib\site-packages\flask\app.py", line 917, in full_dispatch_request
    rv = self.dispatch_request()
         ^^^^^^^^^^^^^^^^^^^^^^^
  File "C:\Users\AYUSH CHAUDHARY\AppData\Local\Programs\Python\Python312\Lib\site-packages\flask\app.py", line 902, in dispatch_request
    return self.ensure_sync(self.view_functions[rule.endpoint])(**view_args)  # type: ignore[no-any-return]
           ^^^^^^^^^^^^^^^^^^^^^^^^^^^^^^^^^^^^^^^^^^^^^^^^^^^^^^^^^^^^^^^^^
  File "C:\Users\AYUSH CHAUDHARY\Desktop\Fincheck--main\backend\app.py", line 269, in decorated_function
    return f(*args, **kwargs)
           ^^^^^^^^^^^^^^^^^^
  File "C:\Users\AYUSH CHAUDHARY\Desktop\Fincheck--main\backend\app.py", line 3327, in api_admin_dashboard_data
    cursor.execute("SELECT vd.*, u.username, u.email FROM vendor_documents vd JOIN users u ON vd.user_id = u.id ORDER BY vd.uploaded_at DESC")
sqlite3.OperationalError: no such column: vd.uploaded_at

[2026-07-24 13:27:32] no such table: digital_agreements
Traceback (most recent call last):
  File "C:\Users\AYUSH CHAUDHARY\AppData\Local\Programs\Python\Python312\Lib\site-packages\flask\app.py", line 917, in full_dispatch_request
    rv = self.dispatch_request()
         ^^^^^^^^^^^^^^^^^^^^^^^
  File "C:\Users\AYUSH CHAUDHARY\AppData\Local\Programs\Python\Python312\Lib\site-packages\flask\app.py", line 902, in dispatch_request
    return self.ensure_sync(self.view_functions[rule.endpoint])(**view_args)  # type: ignore[no-any-return]
           ^^^^^^^^^^^^^^^^^^^^^^^^^^^^^^^^^^^^^^^^^^^^^^^^^^^^^^^^^^^^^^^^^
  File "C:\Users\AYUSH CHAUDHARY\Desktop\Fincheck--main\backend\app.py", line 269, in decorated_function
    return f(*args, **kwargs)
           ^^^^^^^^^^^^^^^^^^
  File "C:\Users\AYUSH CHAUDHARY\Desktop\Fincheck--main\backend\app.py", line 3366, in api_agreements_data
    cursor.execute("""
sqlite3.OperationalError: no such table: digital_agreements

[2026-07-24 13:27:49] no such table: digital_agreements
Traceback (most recent call last):
  File "C:\Users\AYUSH CHAUDHARY\AppData\Local\Programs\Python\Python312\Lib\site-packages\flask\app.py", line 917, in full_dispatch_request
    rv = self.dispatch_request()
         ^^^^^^^^^^^^^^^^^^^^^^^
  File "C:\Users\AYUSH CHAUDHARY\AppData\Local\Programs\Python\Python312\Lib\site-packages\flask\app.py", line 902, in dispatch_request
    return self.ensure_sync(self.view_functions[rule.endpoint])(**view_args)  # type: ignore[no-any-return]
           ^^^^^^^^^^^^^^^^^^^^^^^^^^^^^^^^^^^^^^^^^^^^^^^^^^^^^^^^^^^^^^^^^
  File "C:\Users\AYUSH CHAUDHARY\Desktop\Fincheck--main\backend\app.py", line 269, in decorated_function
    return f(*args, **kwargs)
           ^^^^^^^^^^^^^^^^^^
  File "C:\Users\AYUSH CHAUDHARY\Desktop\Fincheck--main\backend\app.py", line 3366, in api_agreements_data
    cursor.execute("""
sqlite3.OperationalError: no such table: digital_agreements

[2026-07-24 13:27:54] no such table: digital_agreements
Traceback (most recent call last):
  File "C:\Users\AYUSH CHAUDHARY\AppData\Local\Programs\Python\Python312\Lib\site-packages\flask\app.py", line 917, in full_dispatch_request
    rv = self.dispatch_request()
         ^^^^^^^^^^^^^^^^^^^^^^^
  File "C:\Users\AYUSH CHAUDHARY\AppData\Local\Programs\Python\Python312\Lib\site-packages\flask\app.py", line 902, in dispatch_request
    return self.ensure_sync(self.view_functions[rule.endpoint])(**view_args)  # type: ignore[no-any-return]
           ^^^^^^^^^^^^^^^^^^^^^^^^^^^^^^^^^^^^^^^^^^^^^^^^^^^^^^^^^^^^^^^^^
  File "C:\Users\AYUSH CHAUDHARY\Desktop\Fincheck--main\backend\app.py", line 269, in decorated_function
    return f(*args, **kwargs)
           ^^^^^^^^^^^^^^^^^^
  File "C:\Users\AYUSH CHAUDHARY\Desktop\Fincheck--main\backend\app.py", line 3366, in api_agreements_data
    cursor.execute("""
sqlite3.OperationalError: no such table: digital_agreements

[2026-07-24 13:29:00] no such column: uploaded_at
Traceback (most recent call last):
  File "C:\Users\AYUSH CHAUDHARY\AppData\Local\Programs\Python\Python312\Lib\site-packages\flask\app.py", line 917, in full_dispatch_request
    rv = self.dispatch_request()
         ^^^^^^^^^^^^^^^^^^^^^^^
  File "C:\Users\AYUSH CHAUDHARY\AppData\Local\Programs\Python\Python312\Lib\site-packages\flask\app.py", line 902, in dispatch_request
    return self.ensure_sync(self.view_functions[rule.endpoint])(**view_args)  # type: ignore[no-any-return]
           ^^^^^^^^^^^^^^^^^^^^^^^^^^^^^^^^^^^^^^^^^^^^^^^^^^^^^^^^^^^^^^^^^
  File "C:\Users\AYUSH CHAUDHARY\Desktop\Fincheck--main\backend\app.py", line 269, in decorated_function
    return f(*args, **kwargs)
           ^^^^^^^^^^^^^^^^^^
  File "C:\Users\AYUSH CHAUDHARY\Desktop\Fincheck--main\backend\app.py", line 3262, in api_applicant_dashboard_data
    cursor.execute("SELECT * FROM vendor_documents WHERE user_id = ? ORDER BY uploaded_at DESC", (session['user_id'],))
sqlite3.OperationalError: no such column: uploaded_at

[2026-07-24 13:29:13] no such column: uploaded_at
Traceback (most recent call last):
  File "C:\Users\AYUSH CHAUDHARY\AppData\Local\Programs\Python\Python312\Lib\site-packages\flask\app.py", line 917, in full_dispatch_request
    rv = self.dispatch_request()
         ^^^^^^^^^^^^^^^^^^^^^^^
  File "C:\Users\AYUSH CHAUDHARY\AppData\Local\Programs\Python\Python312\Lib\site-packages\flask\app.py", line 902, in dispatch_request
    return self.ensure_sync(self.view_functions[rule.endpoint])(**view_args)  # type: ignore[no-any-return]
           ^^^^^^^^^^^^^^^^^^^^^^^^^^^^^^^^^^^^^^^^^^^^^^^^^^^^^^^^^^^^^^^^^
  File "C:\Users\AYUSH CHAUDHARY\Desktop\Fincheck--main\backend\app.py", line 269, in decorated_function
    return f(*args, **kwargs)
           ^^^^^^^^^^^^^^^^^^
  File "C:\Users\AYUSH CHAUDHARY\Desktop\Fincheck--main\backend\app.py", line 3262, in api_applicant_dashboard_data
    cursor.execute("SELECT * FROM vendor_documents WHERE user_id = ? ORDER BY uploaded_at DESC", (session['user_id'],))
sqlite3.OperationalError: no such column: uploaded_at

[2026-07-24 13:29:19] no such column: uploaded_at
Traceback (most recent call last):
  File "C:\Users\AYUSH CHAUDHARY\AppData\Local\Programs\Python\Python312\Lib\site-packages\flask\app.py", line 917, in full_dispatch_request
    rv = self.dispatch_request()
         ^^^^^^^^^^^^^^^^^^^^^^^
  File "C:\Users\AYUSH CHAUDHARY\AppData\Local\Programs\Python\Python312\Lib\site-packages\flask\app.py", line 902, in dispatch_request
    return self.ensure_sync(self.view_functions[rule.endpoint])(**view_args)  # type: ignore[no-any-return]
           ^^^^^^^^^^^^^^^^^^^^^^^^^^^^^^^^^^^^^^^^^^^^^^^^^^^^^^^^^^^^^^^^^
  File "C:\Users\AYUSH CHAUDHARY\Desktop\Fincheck--main\backend\app.py", line 269, in decorated_function
    return f(*args, **kwargs)
           ^^^^^^^^^^^^^^^^^^
  File "C:\Users\AYUSH CHAUDHARY\Desktop\Fincheck--main\backend\app.py", line 3262, in api_applicant_dashboard_data
    cursor.execute("SELECT * FROM vendor_documents WHERE user_id = ? ORDER BY uploaded_at DESC", (session['user_id'],))
sqlite3.OperationalError: no such column: uploaded_at

